  ▲ Next.js 14.2.35
  - Environments: .env

   Skipping linting
   Checking validity of types ...
   Creating an optimized production build ...
 ✓ Compiled successfully
   Collecting page data ...
   Generating static pages (0/6) ...
   Generating static pages (1/6) 
   Generating static pages (2/6) 
   Generating static pages (4/6) 
 ✓ Generating static pages (6/6)
   Finalizing page optimization ...
   Collecting build traces ...

Route (pages)                             Size     First Load JS
┌ ○ /                                     2.73 kB        88.8 kB
├   └ css/ff92893c78b28aa5.css            1.04 kB
├   /_app                                 0 B              86 kB
├ ○ /404                                  180 B          86.2 kB
├ ○ /contact                              699 B          86.7 kB
├   └ css/a4462e771c0d77a5.css            445 B
├ ○ /experience                           26.1 kB         112 kB
├   └ css/e4f35876aadae6ed.css            633 B
└ ○ /projects                             8.11 kB        94.1 kB
    └ css/65b8e525618d6e5c.css            1.26 kB
+ First Load JS shared by all             87 kB
  ├ chunks/framework-64ad27b21261a9ce.js  44.8 kB
  ├ chunks/main-fc56ac81e639fb5e.js       34 kB
  └ other shared chunks (total)           8.14 kB

○  (Static)  prerendered as static content

